Thanks for Joining!. You can type /h for help anytime. Quick guide.

 SERIAL		COMMAND		OPTION		ARGS		DESCRIPTION
 ------		-------		------		----		-----------				
 1		/info						display username & current room		
 2		/room		change		[name]		join to [name] room			
 3		/client		ignore		[name]		ignore [name] client's messages		
 4		/client		allow		[name]		allow [name] client's messages

Examples

 1	/info				
 2	/room change myroom3		
 3	/client ignore annoyignone	
 4	/client allow annoyignore

Send your typed message to the current room by entering enter
